
exam.elf:     file format elf32-avr


Disassembly of section .text:

00000000 <__vectors>:
   0:	0c 94 34 00 	jmp	0x68	; 0x68 <__ctors_end>
   4:	0c 94 3e 00 	jmp	0x7c	; 0x7c <__bad_interrupt>
   8:	0c 94 3e 00 	jmp	0x7c	; 0x7c <__bad_interrupt>
   c:	0c 94 3e 00 	jmp	0x7c	; 0x7c <__bad_interrupt>
  10:	0c 94 3e 00 	jmp	0x7c	; 0x7c <__bad_interrupt>
  14:	0c 94 3e 00 	jmp	0x7c	; 0x7c <__bad_interrupt>
  18:	0c 94 3e 00 	jmp	0x7c	; 0x7c <__bad_interrupt>
  1c:	0c 94 3e 00 	jmp	0x7c	; 0x7c <__bad_interrupt>
  20:	0c 94 3e 00 	jmp	0x7c	; 0x7c <__bad_interrupt>
  24:	0c 94 3e 00 	jmp	0x7c	; 0x7c <__bad_interrupt>
  28:	0c 94 3e 00 	jmp	0x7c	; 0x7c <__bad_interrupt>
  2c:	0c 94 3e 00 	jmp	0x7c	; 0x7c <__bad_interrupt>
  30:	0c 94 3e 00 	jmp	0x7c	; 0x7c <__bad_interrupt>
  34:	0c 94 3e 00 	jmp	0x7c	; 0x7c <__bad_interrupt>
  38:	0c 94 3e 00 	jmp	0x7c	; 0x7c <__bad_interrupt>
  3c:	0c 94 3e 00 	jmp	0x7c	; 0x7c <__bad_interrupt>
  40:	0c 94 3e 00 	jmp	0x7c	; 0x7c <__bad_interrupt>
  44:	0c 94 3e 00 	jmp	0x7c	; 0x7c <__bad_interrupt>
  48:	0c 94 3e 00 	jmp	0x7c	; 0x7c <__bad_interrupt>
  4c:	0c 94 3e 00 	jmp	0x7c	; 0x7c <__bad_interrupt>
  50:	0c 94 3e 00 	jmp	0x7c	; 0x7c <__bad_interrupt>
  54:	0c 94 3e 00 	jmp	0x7c	; 0x7c <__bad_interrupt>
  58:	0c 94 3e 00 	jmp	0x7c	; 0x7c <__bad_interrupt>
  5c:	0c 94 3e 00 	jmp	0x7c	; 0x7c <__bad_interrupt>
  60:	0c 94 3e 00 	jmp	0x7c	; 0x7c <__bad_interrupt>
  64:	0c 94 3e 00 	jmp	0x7c	; 0x7c <__bad_interrupt>

00000068 <__ctors_end>:
  68:	11 24       	eor	r1, r1
  6a:	1f be       	out	0x3f, r1	; 63
  6c:	cf ef       	ldi	r28, 0xFF	; 255
  6e:	d8 e0       	ldi	r29, 0x08	; 8
  70:	de bf       	out	0x3e, r29	; 62
  72:	cd bf       	out	0x3d, r28	; 61
  74:	0e 94 40 00 	call	0x80	; 0x80 <main>
  78:	0c 94 58 00 	jmp	0xb0	; 0xb0 <_exit>

0000007c <__bad_interrupt>:
  7c:	0c 94 00 00 	jmp	0	; 0x0 <__vectors>

00000080 <main>:
  80:	80 e0       	ldi	r24, 0x00	; 0
  82:	9b e2       	ldi	r25, 0x2B	; 43
  84:	25 b1       	in	r18, 0x05	; 5
  86:	2b 32       	cpi	r18, 0x2B	; 43
  88:	71 f0       	breq	.+28     	; 0xa6 <main+0x26>
  8a:	2d 32       	cpi	r18, 0x2D	; 45
  8c:	71 f0       	breq	.+28     	; 0xaa <main+0x2a>
  8e:	20 53       	subi	r18, 0x30	; 48
  90:	12 16       	cp	r1, r18
  92:	64 f4       	brge	.+24     	; 0xac <main+0x2c>
  94:	9b 32       	cpi	r25, 0x2B	; 43
  96:	11 f4       	brne	.+4      	; 0x9c <main+0x1c>
  98:	8f 5f       	subi	r24, 0xFF	; 255
  9a:	03 c0       	rjmp	.+6      	; 0xa2 <main+0x22>
  9c:	9d 32       	cpi	r25, 0x2D	; 45
  9e:	09 f4       	brne	.+2      	; 0xa2 <main+0x22>
  a0:	81 50       	subi	r24, 0x01	; 1
  a2:	21 50       	subi	r18, 0x01	; 1
  a4:	f5 cf       	rjmp	.-22     	; 0x90 <main+0x10>
  a6:	9b e2       	ldi	r25, 0x2B	; 43
  a8:	01 c0       	rjmp	.+2      	; 0xac <main+0x2c>
  aa:	9d e2       	ldi	r25, 0x2D	; 45
  ac:	88 b9       	out	0x08, r24	; 8
  ae:	ea cf       	rjmp	.-44     	; 0x84 <main+0x4>

000000b0 <_exit>:
  b0:	f8 94       	cli

000000b2 <__stop_program>:
  b2:	ff cf       	rjmp	.-2      	; 0xb2 <__stop_program>
